** Drc report for cherry.kicad_pcb **
** Created on 2026-08-10T19:21:01 **
** Report includes: Errors, Warnings **

** Found 8 DRC violations **
[silk_over_copper]: Silkscreen clipped by solder mask
    Local override; warning
    @(100.8570 mm, 85.4700 mm): Segment of J1 on F.Silkscreen
    @(101.6320 mm, 85.8450 mm): PTH pad SH [GND] of J1
[silk_over_copper]: Silkscreen clipped by solder mask
    Local override; warning
    @(100.8570 mm, 94.8700 mm): Segment of J1 on F.Silkscreen
    @(101.6320 mm, 94.4950 mm): PTH pad SH [GND] of J1
[lib_footprint_mismatch]: Footprint 'C_0402_1005Metric' does not match copy in library 'Cherry'
    Local override; warning
    @(133.0000 mm, 83.8200 mm): Footprint C24
[lib_footprint_mismatch]: Footprint 'C_0402_1005Metric' does not match copy in library 'Cherry'
    Local override; warning
    @(133.3500 mm, 98.0000 mm): Footprint C21
[lib_footprint_mismatch]: Footprint 'C_0402_1005Metric' does not match copy in library 'Cherry'
    Local override; warning
    @(137.1600 mm, 96.5200 mm): Footprint C28
[lib_footprint_mismatch]: Footprint 'PinHeader_1x06_P2.54mm' does not match copy in library 'Cherry'
    Local override; warning
    @(160.0200 mm, 96.5200 mm): Footprint J5
[silk_edge_clearance]: Silkscreen clipped by board edge
    Rule: board setup constraints silk; warning
    @(100.2300 mm, 105.2500 mm): Segment on Edge.Cuts
    @(100.8570 mm, 85.4700 mm): Segment of J1 on F.Silkscreen
[silk_edge_clearance]: Silkscreen clipped by board edge
    Rule: board setup constraints silk; warning
    @(100.2300 mm, 105.2500 mm): Segment on Edge.Cuts
    @(100.8570 mm, 94.8700 mm): Segment of J1 on F.Silkscreen

** Found 219 unconnected pads **
[unconnected_items]: Missing connection between items
    Local override; error
    @(115.1100 mm, 93.9800 mm): Pad 1 [+1V2] of R3 on F.Cu
    @(115.5700 mm, 96.2550 mm): Pad 2 [+1V2] of L2 on F.Cu
[unconnected_items]: Missing connection between items
    Local override; error
    @(115.5700 mm, 96.2550 mm): Pad 2 [+1V2] of L2 on F.Cu
    @(117.4750 mm, 96.2425 mm): Pad 1 [+1V2] of C4 on F.Cu
[unconnected_items]: Missing connection between items
    Local override; error
    @(122.2775 mm, 97.1550 mm): Pad 1 [+1V2] of C6 on F.Cu
    @(117.4750 mm, 96.2425 mm): Pad 1 [+1V2] of C4 on F.Cu
[unconnected_items]: Missing connection between items
    Local override; error
    @(122.2775 mm, 97.1550 mm): Pad 1 [+1V2] of C6 on F.Cu
    @(130.7700 mm, 98.0000 mm): Pad 1 [+1V2] of C18 on F.Cu
[unconnected_items]: Missing connection between items
    Local override; error
    @(129.4800 mm, 88.5700 mm): Pad D8 [+1V2] of U3 on F.Cu
    @(129.4800 mm, 91.7700 mm): Pad D4 [+1V2] of U3 on F.Cu
[unconnected_items]: Missing connection between items
    Local override; error
    @(129.4800 mm, 88.5700 mm): Pad D8 [+1V2] of U3 on F.Cu
    @(126.5200 mm, 83.8200 mm): Pad 1 [+1V2] of C19 on F.Cu
[unconnected_items]: Missing connection between items
    Local override; error
    @(129.4800 mm, 91.7700 mm): Pad D4 [+1V2] of U3 on F.Cu
    @(130.7700 mm, 98.0000 mm): Pad 1 [+1V2] of C18 on F.Cu
[unconnected_items]: Missing connection between items
    Local override; error
    @(130.7700 mm, 98.0000 mm): Pad 1 [+1V2] of C18 on F.Cu
    @(138.4300 mm, 97.0300 mm): Pad 1 [+1V2] of R13 on F.Cu
[unconnected_items]: Missing connection between items
    Local override; error
    @(132.6800 mm, 88.5700 mm): Pad H8 [+1V2] of U3 on F.Cu
    @(129.4800 mm, 88.5700 mm): Pad D8 [+1V2] of U3 on F.Cu
[unconnected_items]: Missing connection between items
    Local override; error
    @(132.6800 mm, 88.5700 mm): Pad H8 [+1V2] of U3 on F.Cu
    @(132.6800 mm, 91.7700 mm): Pad H4 [+1V2] of U3 on F.Cu
[unconnected_items]: Missing connection between items
    Local override; error
    @(113.1600 mm, 93.9800 mm): Pad 1 [Net-(U5-FB)] of R4 on F.Cu
    @(111.4450 mm, 96.0175 mm): Pad 6 [Net-(U5-FB)] of U5 on F.Cu
[unconnected_items]: Missing connection between items
    Local override; error
    @(114.0900 mm, 93.9800 mm): Pad 2 [Net-(U5-FB)] of R3 on F.Cu
    @(113.1600 mm, 93.9800 mm): Pad 1 [Net-(U5-FB)] of R4 on F.Cu
[unconnected_items]: Missing connection between items
    Local override; error
    @(105.5350 mm, 81.9150 mm): Pad 1 [+3V3] of R19 on F.Cu
    @(104.1400 mm, 78.7400 mm): PTH pad 23 [+3V3] of J3
[unconnected_items]: Missing connection between items
    Local override; error
    @(108.5850 mm, 88.0100 mm): Pad 1 [+3V3] of R12 on F.Cu
    @(114.8100 mm, 86.9950 mm): Pad 1 [+3V3] of R1 on F.Cu
[unconnected_items]: Missing connection between items
    Local override; error
    @(108.5850 mm, 88.0100 mm): Pad 1 [+3V3] of R12 on F.Cu
    @(105.5350 mm, 81.9150 mm): Pad 1 [+3V3] of R19 on F.Cu
[unconnected_items]: Missing connection between items
    Local override; error
    @(108.5850 mm, 88.0100 mm): Pad 1 [+3V3] of R12 on F.Cu
    @(104.1400 mm, 101.6000 mm): PTH pad 2 [+3V3] of J2
[unconnected_items]: Missing connection between items
    Local override; error
    @(114.8100 mm, 86.9950 mm): Pad 1 [+3V3] of R1 on F.Cu
    @(115.5700 mm, 89.2700 mm): Pad 2 [+3V3] of L1 on F.Cu
[unconnected_items]: Missing connection between items
    Local override; error
    @(115.5700 mm, 89.2700 mm): Pad 2 [+3V3] of L1 on F.Cu
    @(117.4750 mm, 89.2575 mm): Pad 1 [+3V3] of C3 on F.Cu
[unconnected_items]: Missing connection between items
    Local override; error
    @(118.9650 mm, 83.3500 mm): Pad 1 [+3V3] of X1 on F.Cu
    @(118.9650 mm, 81.7500 mm): Pad 4 [+3V3] of X1 on F.Cu
[unconnected_items]: Missing connection between items
    Local override; error
    @(118.9650 mm, 83.3500 mm): Pad 1 [+3V3] of X1 on F.Cu
    @(114.8100 mm, 86.9950 mm): Pad 1 [+3V3] of R1 on F.Cu
[unconnected_items]: Missing connection between items
    Local override; error
    @(122.9125 mm, 83.1850 mm): Pad 1 [+3V3] of C7 on F.Cu
    @(123.1900 mm, 85.8500 mm): Pad 2 [+3V3] of R17 on F.Cu
[unconnected_items]: Missing connection between items
    Local override; error
    @(122.9125 mm, 83.1850 mm): Pad 1 [+3V3] of C7 on F.Cu
    @(118.9650 mm, 83.3500 mm): Pad 1 [+3V3] of X1 on F.Cu
[unconnected_items]: Missing connection between items
    Local override; error
    @(125.5200 mm, 96.5200 mm): Pad 1 [+3V3] of C8 on F.Cu
    @(126.5700 mm, 98.0000 mm): Pad 1 [+3V3] of C10 on F.Cu
[unconnected_items]: Missing connection between items
    Local override; error
    @(126.5700 mm, 98.0000 mm): Pad 1 [+3V3] of C10 on F.Cu
    @(127.6200 mm, 96.5200 mm): Pad 1 [+3V3] of C11 on F.Cu
[unconnected_items]: Missing connection between items
    Local override; error
    @(127.6200 mm, 96.5200 mm): Pad 1 [+3V3] of C11 on F.Cu
    @(128.6700 mm, 98.0000 mm): Pad 1 [+3V3] of C16 on F.Cu
[unconnected_items]: Missing connection between items
    Local override; error
    @(128.5200 mm, 83.8200 mm): Pad 1 [+3V3] of C22 on F.Cu
    @(130.5200 mm, 83.8200 mm): Pad 1 [+3V3] of C23 on F.Cu
[unconnected_items]: Missing connection between items
    Local override; error
    @(128.5200 mm, 83.8200 mm): Pad 1 [+3V3] of C22 on F.Cu
    @(128.6800 mm, 86.9700 mm): Pad C10 [+3V3] of U3 on F.Cu
[unconnected_items]: Missing connection between items
    Local override; error
    @(128.6700 mm, 98.0000 mm): Pad 1 [+3V3] of C16 on F.Cu
    @(129.7200 mm, 96.5200 mm): Pad 1 [+3V3] of C17 on F.Cu
[unconnected_items]: Missing connection between items
    Local override; error
    @(128.6800 mm, 86.9700 mm): Pad C10 [+3V3] of U3 on F.Cu
    @(123.1900 mm, 85.8500 mm): Pad 2 [+3V3] of R17 on F.Cu
[unconnected_items]: Missing connection between items
    Local override; error
    @(129.4800 mm, 90.1700 mm): Pad D6 [+3V3] of U3 on F.Cu
    @(130.2800 mm, 91.7700 mm): Pad E4 [+3V3] of U3 on F.Cu
[unconnected_items]: Missing connection between items
    Local override; error
    @(130.2800 mm, 91.7700 mm): Pad E4 [+3V3] of U3 on F.Cu
    @(131.8800 mm, 91.7700 mm): Pad G4 [+3V3] of U3 on F.Cu
[unconnected_items]: Missing connection between items
    Local override; error
    @(131.0800 mm, 88.5700 mm): Pad F8 [+3V3] of U3 on F.Cu
    @(132.6800 mm, 90.1700 mm): Pad H6 [+3V3] of U3 on F.Cu
[unconnected_items]: Missing connection between items
    Local override; error
    @(131.0800 mm, 88.5700 mm): Pad F8 [+3V3] of U3 on F.Cu
    @(128.6800 mm, 86.9700 mm): Pad C10 [+3V3] of U3 on F.Cu
[unconnected_items]: Missing connection between items
    Local override; error
    @(131.8200 mm, 96.5200 mm): Pad 1 [+3V3] of C20 on F.Cu
    @(129.7200 mm, 96.5200 mm): Pad 1 [+3V3] of C17 on F.Cu
[unconnected_items]: Missing connection between items
    Local override; error
    @(131.8800 mm, 91.7700 mm): Pad G4 [+3V3] of U3 on F.Cu
    @(132.6800 mm, 90.1700 mm): Pad H6 [+3V3] of U3 on F.Cu
[unconnected_items]: Missing connection between items
    Local override; error
    @(131.8800 mm, 91.7700 mm): Pad G4 [+3V3] of U3 on F.Cu
    @(131.8200 mm, 96.5200 mm): Pad 1 [+3V3] of C20 on F.Cu
[unconnected_items]: Missing connection between items
    Local override; error
    @(132.5200 mm, 83.8200 mm): Pad 1 [+3V3] of C24 on F.Cu
    @(130.5200 mm, 83.8200 mm): Pad 1 [+3V3] of C23 on F.Cu
[unconnected_items]: Missing connection between items
    Local override; error
    @(132.8700 mm, 98.0000 mm): Pad 1 [+3V3] of C21 on F.Cu
    @(133.9200 mm, 96.5200 mm): Pad 1 [+3V3] of C25 on F.Cu
[unconnected_items]: Missing connection between items
    Local override; error
    @(132.8700 mm, 98.0000 mm): Pad 1 [+3V3] of C21 on F.Cu
    @(131.8200 mm, 96.5200 mm): Pad 1 [+3V3] of C20 on F.Cu
[unconnected_items]: Missing connection between items
    Local override; error
    @(134.5200 mm, 83.8200 mm): Pad 1 [+3V3] of C9 on F.Cu
    @(132.5200 mm, 83.8200 mm): Pad 1 [+3V3] of C24 on F.Cu
[unconnected_items]: Missing connection between items
    Local override; error
    @(135.0800 mm, 86.1700 mm): Pad L11 [+3V3] of U3 on F.Cu
    @(134.5200 mm, 83.8200 mm): Pad 1 [+3V3] of C9 on F.Cu
[unconnected_items]: Missing connection between items
    Local override; error
    @(137.7950 mm, 86.5825 mm): Pad 8 [+3V3] of U2 on F.Cu
    @(135.0800 mm, 86.1700 mm): Pad L11 [+3V3] of U3 on F.Cu
[unconnected_items]: Missing connection between items
    Local override; error
    @(139.0650 mm, 84.3300 mm): Pad 1 [+3V3] of R11 on F.Cu
    @(137.7950 mm, 86.5825 mm): Pad 8 [+3V3] of U2 on F.Cu
[unconnected_items]: Missing connection between items
    Local override; error
    @(140.3350 mm, 97.0300 mm): Pad 1 [+3V3] of R8 on F.Cu
    @(141.6050 mm, 97.0300 mm): Pad 1 [+3V3] of R10 on F.Cu
[unconnected_items]: Missing connection between items
    Local override; error
    @(140.3350 mm, 97.0300 mm): Pad 1 [+3V3] of R8 on F.Cu
    @(133.9200 mm, 96.5200 mm): Pad 1 [+3V3] of C25 on F.Cu
[unconnected_items]: Missing connection between items
    Local override; error
    @(147.3350 mm, 93.4000 mm): Pad 2 [+3V3] of JP1 on F.Cu
    @(147.3350 mm, 96.1000 mm): Pad 2 [+3V3] of JP2 on F.Cu
[unconnected_items]: Missing connection between items
    Local override; error
    @(147.3350 mm, 93.4000 mm): Pad 2 [+3V3] of JP1 on F.Cu
    @(150.4950 mm, 90.1000 mm): Pad 1 [+3V3] of R27 on F.Cu
[unconnected_items]: Missing connection between items
    Local override; error
    @(147.3350 mm, 96.1000 mm): Pad 2 [+3V3] of JP2 on F.Cu
    @(141.6050 mm, 97.0300 mm): Pad 1 [+3V3] of R10 on F.Cu
[unconnected_items]: Missing connection between items
    Local override; error
    @(101.6320 mm, 85.8450 mm): PTH pad SH [GND] of J1
    @(105.8130 mm, 85.8450 mm): PTH pad SH [GND] of J1
[unconnected_items]: Missing connection between items
    Local override; error
    @(102.0825 mm, 82.5500 mm): Pad 1 [GND] of D1 on F.Cu
    @(101.6320 mm, 85.8450 mm): PTH pad SH [GND] of J1
[unconnected_items]: Missing connection between items
    Local override; error
    @(105.8130 mm, 94.4950 mm): PTH pad SH [GND] of J1
    @(106.5810 mm, 93.3700 mm): Pad B1 [GND] of J1 on F.Cu
[unconnected_items]: Missing connection between items
    Local override; error
    @(105.8130 mm, 94.4950 mm): PTH pad SH [GND] of J1
    @(101.6320 mm, 94.4950 mm): PTH pad SH [GND] of J1
[unconnected_items]: Missing connection between items
    Local override; error
    @(106.5550 mm, 83.1850 mm): Pad 2 [GND] of R5 on F.Cu
    @(105.8130 mm, 85.8450 mm): PTH pad SH [GND] of J1
[unconnected_items]: Missing connection between items
    Local override; error
    @(106.5550 mm, 83.1850 mm): Pad 2 [GND] of R5 on F.Cu
    @(106.6800 mm, 78.7400 mm): PTH pad 22 [GND] of J3
[unconnected_items]: Missing connection between items
    Local override; error
    @(106.5550 mm, 97.1550 mm): Pad 2 [GND] of R6 on F.Cu
    @(105.8130 mm, 94.4950 mm): PTH pad SH [GND] of J1
[unconnected_items]: Missing connection between items
    Local override; error
    @(106.5550 mm, 97.1550 mm): Pad 2 [GND] of R6 on F.Cu
    @(109.2200 mm, 96.2425 mm): Pad 2 [GND] of C2 on F.Cu
[unconnected_items]: Missing connection between items
    Local override; error
    @(106.5810 mm, 86.9700 mm): Pad A1 [GND] of J1 on F.Cu
    @(105.8130 mm, 85.8450 mm): PTH pad SH [GND] of J1
[unconnected_items]: Missing connection between items
    Local override; error
    @(106.5810 mm, 93.3700 mm): Pad B1 [GND] of J1 on F.Cu
    @(109.2200 mm, 91.0825 mm): Pad 2 [GND] of C1 on F.Cu
[unconnected_items]: Missing connection between items
    Local override; error
    @(109.2200 mm, 78.7400 mm): PTH pad 21 [GND] of J3
    @(111.7600 mm, 78.7400 mm): PTH pad 20 [GND] of J3
[unconnected_items]: Missing connection between items
    Local override; error
    @(109.2200 mm, 78.7400 mm): PTH pad 21 [GND] of J3
    @(106.6800 mm, 78.7400 mm): PTH pad 22 [GND] of J3
[unconnected_items]: Missing connection between items
    Local override; error
    @(109.2200 mm, 91.0825 mm): Pad 2 [GND] of C1 on F.Cu
    @(112.3950 mm, 91.3075 mm): Pad 2 [GND] of U4 on F.Cu
[unconnected_items]: Missing connection between items
    Local override; error
    @(109.2200 mm, 101.6000 mm): PTH pad 4 [GND] of J2
    @(111.7600 mm, 101.6000 mm): PTH pad 5 [GND] of J2
[unconnected_items]: Missing connection between items
    Local override; error
    @(109.2200 mm, 101.6000 mm): PTH pad 4 [GND] of J2
    @(106.6800 mm, 101.6000 mm): PTH pad 3 [GND] of J2
[unconnected_items]: Missing connection between items
    Local override; error
    @(111.2500 mm, 86.9950 mm): Pad 2 [GND] of R2 on F.Cu
    @(112.3950 mm, 84.3225 mm): Pad 2 [GND] of D5 on F.Cu
[unconnected_items]: Missing connection between items
    Local override; error
    @(111.2500 mm, 86.9950 mm): Pad 2 [GND] of R2 on F.Cu
    @(112.3950 mm, 91.3075 mm): Pad 2 [GND] of U4 on F.Cu
[unconnected_items]: Missing connection between items
    Local override; error
    @(111.2500 mm, 86.9950 mm): Pad 2 [GND] of R2 on F.Cu
    @(106.5810 mm, 86.9700 mm): Pad A1 [GND] of J1 on F.Cu
[unconnected_items]: Missing connection between items
    Local override; error
    @(111.7600 mm, 78.7400 mm): PTH pad 20 [GND] of J3
    @(114.3000 mm, 78.7400 mm): PTH pad 19 [GND] of J3
[unconnected_items]: Missing connection between items
    Local override; error
    @(112.1400 mm, 93.9800 mm): Pad 2 [GND] of R4 on F.Cu
    @(112.3950 mm, 91.3075 mm): Pad 2 [GND] of U4 on F.Cu
[unconnected_items]: Missing connection between items
    Local override; error
    @(112.3950 mm, 98.2925 mm): Pad 2 [GND] of U5 on F.Cu
    @(111.7600 mm, 101.6000 mm): PTH pad 5 [GND] of J2
[unconnected_items]: Missing connection between items
    Local override; error
    @(112.3950 mm, 98.2925 mm): Pad 2 [GND] of U5 on F.Cu
    @(109.2200 mm, 96.2425 mm): Pad 2 [GND] of C2 on F.Cu
[unconnected_items]: Missing connection between items
    Local override; error
    @(117.4750 mm, 91.0825 mm): Pad 2 [GND] of C3 on F.Cu
    @(120.0150 mm, 92.2300 mm): Pad 2 [GND] of C29 on F.Cu
[unconnected_items]: Missing connection between items
    Local override; error
    @(117.4750 mm, 91.0825 mm): Pad 2 [GND] of C3 on F.Cu
    @(112.3950 mm, 91.3075 mm): Pad 2 [GND] of U4 on F.Cu
[unconnected_items]: Missing connection between items
    Local override; error
    @(117.4750 mm, 98.0675 mm): Pad 2 [GND] of C4 on F.Cu
    @(112.3950 mm, 98.2925 mm): Pad 2 [GND] of U5 on F.Cu
[unconnected_items]: Missing connection between items
    Local override; error
    @(120.0150 mm, 92.2300 mm): Pad 2 [GND] of C29 on F.Cu
    @(124.1025 mm, 97.1550 mm): Pad 2 [GND] of C6 on F.Cu
[unconnected_items]: Missing connection between items
    Local override; error
    @(121.0650 mm, 83.3500 mm): Pad 2 [GND] of X1 on F.Cu
    @(124.7375 mm, 83.1850 mm): Pad 2 [GND] of C7 on F.Cu
[unconnected_items]: Missing connection between items
    Local override; error
    @(124.1025 mm, 97.1550 mm): Pad 2 [GND] of C6 on F.Cu
    @(126.4800 mm, 96.5200 mm): Pad 2 [GND] of C8 on F.Cu
[unconnected_items]: Missing connection between items
    Local override; error
    @(124.7375 mm, 83.1850 mm): Pad 2 [GND] of C7 on F.Cu
    @(127.4800 mm, 83.8200 mm): Pad 2 [GND] of C19 on F.Cu
[unconnected_items]: Missing connection between items
    Local override; error
    @(127.4800 mm, 83.8200 mm): Pad 2 [GND] of C19 on F.Cu
    @(129.4800 mm, 83.8200 mm): Pad 2 [GND] of C22 on F.Cu
[unconnected_items]: Missing connection between items
    Local override; error
    @(127.5300 mm, 98.0000 mm): Pad 2 [GND] of C10 on F.Cu
    @(126.4800 mm, 96.5200 mm): Pad 2 [GND] of C8 on F.Cu
[unconnected_items]: Missing connection between items
    Local override; error
    @(128.5800 mm, 96.5200 mm): Pad 2 [GND] of C11 on F.Cu
    @(129.6300 mm, 98.0000 mm): Pad 2 [GND] of C16 on F.Cu
[unconnected_items]: Missing connection between items
    Local override; error
    @(128.5800 mm, 96.5200 mm): Pad 2 [GND] of C11 on F.Cu
    @(127.5300 mm, 98.0000 mm): Pad 2 [GND] of C10 on F.Cu
[unconnected_items]: Missing connection between items
    Local override; error
    @(129.4800 mm, 83.8200 mm): Pad 2 [GND] of C22 on F.Cu
    @(131.4800 mm, 83.8200 mm): Pad 2 [GND] of C23 on F.Cu
[unconnected_items]: Missing connection between items
    Local override; error
    @(130.2800 mm, 90.1700 mm): Pad E6 [GND] of U3 on F.Cu
    @(130.2800 mm, 89.3700 mm): Pad E7 [GND] of U3 on F.Cu
[unconnected_items]: Missing connection between items
    Local override; error
    @(130.2800 mm, 90.1700 mm): Pad E6 [GND] of U3 on F.Cu
    @(130.2800 mm, 90.9700 mm): Pad E5 [GND] of U3 on F.Cu
[unconnected_items]: Missing connection between items
    Local override; error
    @(130.6800 mm, 96.5200 mm): Pad 2 [GND] of C17 on F.Cu
    @(129.6300 mm, 98.0000 mm): Pad 2 [GND] of C16 on F.Cu
[unconnected_items]: Missing connection between items
    Local override; error
    @(130.6800 mm, 96.5200 mm): Pad 2 [GND] of C17 on F.Cu
    @(131.7300 mm, 98.0000 mm): Pad 2 [GND] of C18 on F.Cu
[unconnected_items]: Missing connection between items
    Local override; error
    @(131.0800 mm, 89.3700 mm): Pad F7 [GND] of U3 on F.Cu
    @(131.0800 mm, 90.1700 mm): Pad F6 [GND] of U3 on F.Cu
[unconnected_items]: Missing connection between items
    Local override; error
    @(131.0800 mm, 90.1700 mm): Pad F6 [GND] of U3 on F.Cu
    @(131.8800 mm, 90.1700 mm): Pad G6 [GND] of U3 on F.Cu
[unconnected_items]: Missing connection between items
    Local override; error
    @(131.0800 mm, 90.1700 mm): Pad F6 [GND] of U3 on F.Cu
    @(131.0800 mm, 90.9700 mm): Pad F5 [GND] of U3 on F.Cu
[unconnected_items]: Missing connection between items
    Local override; error
    @(131.0800 mm, 90.1700 mm): Pad F6 [GND] of U3 on F.Cu
    @(130.2800 mm, 90.1700 mm): Pad E6 [GND] of U3 on F.Cu
[unconnected_items]: Missing connection between items
    Local override; error
    @(131.4800 mm, 83.8200 mm): Pad 2 [GND] of C23 on F.Cu
    @(131.8800 mm, 89.3700 mm): Pad G7 [GND] of U3 on F.Cu
[unconnected_items]: Missing connection between items
    Local override; error
    @(131.8800 mm, 90.1700 mm): Pad G6 [GND] of U3 on F.Cu
    @(131.8800 mm, 89.3700 mm): Pad G7 [GND] of U3 on F.Cu
[unconnected_items]: Missing connection between items
    Local override; error
    @(131.8800 mm, 90.9700 mm): Pad G5 [GND] of U3 on F.Cu
    @(131.0800 mm, 90.9700 mm): Pad F5 [GND] of U3 on F.Cu
[unconnected_items]: Missing connection between items
    Local override; error
    @(132.6800 mm, 90.9700 mm): Pad H5 [GND] of U3 on F.Cu
    @(131.8800 mm, 90.9700 mm): Pad G5 [GND] of U3 on F.Cu
[unconnected_items]: Missing connection between items
    Local override; error
    @(132.6800 mm, 90.9700 mm): Pad H5 [GND] of U3 on F.Cu
    @(132.7800 mm, 96.5200 mm): Pad 2 [GND] of C20 on F.Cu
[unconnected_items]: Missing connection between items
    Local override; error
    @(132.7800 mm, 96.5200 mm): Pad 2 [GND] of C20 on F.Cu
    @(133.8300 mm, 98.0000 mm): Pad 2 [GND] of C21 on F.Cu
[unconnected_items]: Missing connection between items
    Local override; error
    @(132.7800 mm, 96.5200 mm): Pad 2 [GND] of C20 on F.Cu
    @(131.7300 mm, 98.0000 mm): Pad 2 [GND] of C18 on F.Cu
[unconnected_items]: Missing connection between items
    Local override; error
    @(133.4800 mm, 83.8200 mm): Pad 2 [GND] of C24 on F.Cu
    @(135.4800 mm, 83.8200 mm): Pad 2 [GND] of C9 on F.Cu
[unconnected_items]: Missing connection between items
    Local override; error
    @(133.4800 mm, 83.8200 mm): Pad 2 [GND] of C24 on F.Cu
    @(131.4800 mm, 83.8200 mm): Pad 2 [GND] of C23 on F.Cu
[unconnected_items]: Missing connection between items
    Local override; error
    @(134.8800 mm, 96.5200 mm): Pad 2 [GND] of C25 on F.Cu
    @(133.8300 mm, 98.0000 mm): Pad 2 [GND] of C21 on F.Cu
[unconnected_items]: Missing connection between items
    Local override; error
    @(141.6050 mm, 93.7575 mm): Pad 4 [GND] of U2 on F.Cu
    @(134.8800 mm, 96.5200 mm): Pad 2 [GND] of C25 on F.Cu
[unconnected_items]: Missing connection between items
    Local override; error
    @(146.6850 mm, 89.0800 mm): Pad 2 [GND] of R23 on F.Cu
    @(141.6050 mm, 93.7575 mm): Pad 4 [GND] of U2 on F.Cu
[unconnected_items]: Missing connection between items
    Local override; error
    @(147.9550 mm, 89.0800 mm): Pad 2 [GND] of R24 on F.Cu
    @(146.6850 mm, 89.0800 mm): Pad 2 [GND] of R23 on F.Cu
[unconnected_items]: Missing connection between items
    Local override; error
    @(147.9550 mm, 89.0800 mm): Pad 2 [GND] of R24 on F.Cu
    @(151.9400 mm, 81.3350 mm): Pad 2 [GND] of SW1 on F.Cu
[unconnected_items]: Missing connection between items
    Local override; error
    @(151.9400 mm, 99.0050 mm): Pad 2 [GND] of SW3 on F.Cu
    @(157.9400 mm, 99.0050 mm): Pad 2 [GND] of SW3 on F.Cu
[unconnected_items]: Missing connection between items
    Local override; error
    @(157.6325 mm, 87.6300 mm): Pad 1 [GND] of D3 on F.Cu
    @(157.6325 mm, 90.1700 mm): Pad 1 [GND] of D4 on F.Cu
[unconnected_items]: Missing connection between items
    Local override; error
    @(157.6325 mm, 87.6300 mm): Pad 1 [GND] of D3 on F.Cu
    @(157.9400 mm, 81.3350 mm): Pad 2 [GND] of SW1 on F.Cu
[unconnected_items]: Missing connection between items
    Local override; error
    @(157.6325 mm, 92.7100 mm): Pad 1 [GND] of D6 on F.Cu
    @(157.6325 mm, 90.1700 mm): Pad 1 [GND] of D4 on F.Cu
[unconnected_items]: Missing connection between items
    Local override; error
    @(157.9400 mm, 81.3350 mm): Pad 2 [GND] of SW1 on F.Cu
    @(151.9400 mm, 81.3350 mm): Pad 2 [GND] of SW1 on F.Cu
[unconnected_items]: Missing connection between items
    Local override; error
    @(157.9400 mm, 99.0050 mm): Pad 2 [GND] of SW3 on F.Cu
    @(160.0200 mm, 96.5200 mm): PTH pad 1 [GND] of J5
[unconnected_items]: Missing connection between items
    Local override; error
    @(160.0200 mm, 96.5200 mm): PTH pad 1 [GND] of J5
    @(157.6325 mm, 92.7100 mm): Pad 1 [GND] of D6 on F.Cu
[unconnected_items]: Missing connection between items
    Local override; error
    @(134.2800 mm, 86.9700 mm): Pad K10 [/QSPI_CS_B] of U3 on F.Cu
    @(137.7950 mm, 93.7575 mm): Pad 1 [/QSPI_CS_B] of U2 on F.Cu
[unconnected_items]: Missing connection between items
    Local override; error
    @(137.7950 mm, 93.7575 mm): Pad 1 [/QSPI_CS_B] of U2 on F.Cu
    @(141.6050 mm, 96.0100 mm): Pad 2 [/QSPI_CS_B] of R10 on F.Cu
[unconnected_items]: Missing connection between items
    Local override; error
    @(141.6050 mm, 96.0100 mm): Pad 2 [/QSPI_CS_B] of R10 on F.Cu
    @(160.0200 mm, 91.4400 mm): PTH pad 3 [/QSPI_CS_B] of J5
[unconnected_items]: Missing connection between items
    Local override; error
    @(133.4800 mm, 90.1700 mm): Pad J6 [/VCCPLL] of U3 on F.Cu
    @(128.6800 mm, 90.1700 mm): Pad C6 [/VCCPLL] of U3 on F.Cu
[unconnected_items]: Missing connection between items
    Local override; error
    @(135.0875 mm, 98.4250 mm): Pad 1 [/VCCPLL] of C27 on F.Cu
    @(137.1600 mm, 97.0000 mm): Pad 1 [/VCCPLL] of C28 on F.Cu
[unconnected_items]: Missing connection between items
    Local override; error
    @(137.1600 mm, 97.0000 mm): Pad 1 [/VCCPLL] of C28 on F.Cu
    @(138.4300 mm, 96.0100 mm): Pad 2 [/VCCPLL] of R13 on F.Cu
[unconnected_items]: Missing connection between items
    Local override; error
    @(138.4300 mm, 96.0100 mm): Pad 2 [/VCCPLL] of R13 on F.Cu
    @(133.4800 mm, 90.1700 mm): Pad J6 [/VCCPLL] of U3 on F.Cu
[unconnected_items]: Missing connection between items
    Local override; error
    @(140.3350 mm, 93.7575 mm): Pad 3 [/QSPI_IO2] of U2 on F.Cu
    @(134.2800 mm, 90.1700 mm): Pad K6 [/QSPI_IO2] of U3 on F.Cu
[unconnected_items]: Missing connection between items
    Local override; error
    @(140.3350 mm, 96.0100 mm): Pad 2 [/QSPI_IO2] of R8 on F.Cu
    @(140.3350 mm, 93.7575 mm): Pad 3 [/QSPI_IO2] of U2 on F.Cu
[unconnected_items]: Missing connection between items
    Local override; error
    @(106.5810 mm, 87.7700 mm): Pad A4 [/VBUS] of J1 on F.Cu
    @(106.5810 mm, 92.5700 mm): Pad B4 [/VBUS] of J1 on F.Cu
[unconnected_items]: Missing connection between items
    Local override; error
    @(109.2200 mm, 82.2725 mm): Pad 2 [/VBUS] of FB1 on F.Cu
    @(106.5810 mm, 87.7700 mm): Pad A4 [/VBUS] of J1 on F.Cu
[unconnected_items]: Missing connection between items
    Local override; error
    @(112.3950 mm, 82.0475 mm): Pad 5 [/VBUS] of D5 on F.Cu
    @(109.2200 mm, 82.2725 mm): Pad 2 [/VBUS] of FB1 on F.Cu
[unconnected_items]: Missing connection between items
    Local override; error
    @(105.5350 mm, 83.1850 mm): Pad 1 [Net-(J1-CC1)] of R5 on F.Cu
    @(106.5810 mm, 88.9200 mm): Pad A5 [Net-(J1-CC1)] of J1 on F.Cu
[unconnected_items]: Missing connection between items
    Local override; error
    @(106.5810 mm, 89.9200 mm): Pad A6 [/USB_DP] of J1 on F.Cu
    @(106.5810 mm, 90.9200 mm): Pad B6 [/USB_DP] of J1 on F.Cu
[unconnected_items]: Missing connection between items
    Local override; error
    @(113.3450 mm, 84.3225 mm): Pad 3 [/USB_DP] of D5 on F.Cu
    @(106.5810 mm, 89.9200 mm): Pad A6 [/USB_DP] of J1 on F.Cu
[unconnected_items]: Missing connection between items
    Local override; error
    @(106.5810 mm, 89.4200 mm): Pad B7 [/USB_DM] of J1 on F.Cu
    @(106.5810 mm, 90.4200 mm): Pad A7 [/USB_DM] of J1 on F.Cu
[unconnected_items]: Missing connection between items
    Local override; error
    @(111.4450 mm, 84.3225 mm): Pad 1 [/USB_DM] of D5 on F.Cu
    @(106.5810 mm, 89.4200 mm): Pad B7 [/USB_DM] of J1 on F.Cu
[unconnected_items]: Missing connection between items
    Local override; error
    @(105.5350 mm, 97.1550 mm): Pad 1 [Net-(J1-CC2)] of R6 on F.Cu
    @(106.5810 mm, 91.9200 mm): Pad B5 [Net-(J1-CC2)] of J1 on F.Cu
[unconnected_items]: Missing connection between items
    Local override; error
    @(101.6000 mm, 101.6000 mm): PTH pad 1 [+5V] of J2
    @(109.2200 mm, 98.0675 mm): Pad 1 [+5V] of C2 on F.Cu
[unconnected_items]: Missing connection between items
    Local override; error
    @(109.2200 mm, 84.0975 mm): Pad 1 [+5V] of FB1 on F.Cu
    @(101.6000 mm, 78.7400 mm): PTH pad 24 [+5V] of J3
[unconnected_items]: Missing connection between items
    Local override; error
    @(109.2200 mm, 89.2575 mm): Pad 1 [+5V] of C1 on F.Cu
    @(113.3450 mm, 89.0325 mm): Pad 4 [+5V] of U4 on F.Cu
[unconnected_items]: Missing connection between items
    Local override; error
    @(109.2200 mm, 89.2575 mm): Pad 1 [+5V] of C1 on F.Cu
    @(109.2200 mm, 84.0975 mm): Pad 1 [+5V] of FB1 on F.Cu
[unconnected_items]: Missing connection between items
    Local override; error
    @(113.3450 mm, 96.0175 mm): Pad 4 [+5V] of U5 on F.Cu
    @(109.2200 mm, 98.0675 mm): Pad 1 [+5V] of C2 on F.Cu
[unconnected_items]: Missing connection between items
    Local override; error
    @(118.7450 mm, 93.2200 mm): Pad 1 [+5V] of R9 on F.Cu
    @(113.3450 mm, 96.0175 mm): Pad 4 [+5V] of U5 on F.Cu
[unconnected_items]: Missing connection between items
    Local override; error
    @(118.7450 mm, 93.2200 mm): Pad 1 [+5V] of R9 on F.Cu
    @(113.3450 mm, 89.0325 mm): Pad 4 [+5V] of U4 on F.Cu
[unconnected_items]: Missing connection between items
    Local override; error
    @(135.0800 mm, 88.5700 mm): Pad L8 [/CBSEL0] of U3 on F.Cu
    @(144.1450 mm, 90.1000 mm): Pad 1 [/CBSEL0] of R25 on F.Cu
[unconnected_items]: Missing connection between items
    Local override; error
    @(144.1450 mm, 90.1000 mm): Pad 1 [/CBSEL0] of R25 on F.Cu
    @(146.6850 mm, 90.1000 mm): Pad 1 [/CBSEL0] of R23 on F.Cu
[unconnected_items]: Missing connection between items
    Local override; error
    @(133.4800 mm, 87.7700 mm): Pad J9 [/QSPI_IO1] of U3 on F.Cu
    @(139.0650 mm, 93.7575 mm): Pad 2 [/QSPI_IO1] of U2 on F.Cu
[unconnected_items]: Missing connection between items
    Local override; error
    @(139.0650 mm, 93.7575 mm): Pad 2 [/QSPI_IO1] of U2 on F.Cu
    @(160.0200 mm, 83.8200 mm): PTH pad 6 [/QSPI_IO1] of J5
[unconnected_items]: Missing connection between items
    Local override; error
    @(141.6050 mm, 86.5825 mm): Pad 5 [/QSPI_IO0] of U2 on F.Cu
    @(134.2800 mm, 87.7700 mm): Pad K9 [/QSPI_IO0] of U3 on F.Cu
[unconnected_items]: Missing connection between items
    Local override; error
    @(160.0200 mm, 86.3600 mm): PTH pad 5 [/QSPI_IO0] of J5
    @(141.6050 mm, 86.5825 mm): Pad 5 [/QSPI_IO0] of U2 on F.Cu
[unconnected_items]: Missing connection between items
    Local override; error
    @(140.3350 mm, 86.5825 mm): Pad 6 [/QSPI_SCK] of U2 on F.Cu
    @(135.0800 mm, 86.9700 mm): Pad L10 [/QSPI_SCK] of U3 on F.Cu
[unconnected_items]: Missing connection between items
    Local override; error
    @(160.0200 mm, 88.9000 mm): PTH pad 4 [/QSPI_SCK] of J5
    @(140.3350 mm, 86.5825 mm): Pad 6 [/QSPI_SCK] of U2 on F.Cu
[unconnected_items]: Missing connection between items
    Local override; error
    @(133.4800 mm, 88.5700 mm): Pad J8 [/QSPI_IO3] of U3 on F.Cu
    @(139.0650 mm, 86.5825 mm): Pad 7 [/QSPI_IO3] of U2 on F.Cu
[unconnected_items]: Missing connection between items
    Local override; error
    @(139.0650 mm, 86.5825 mm): Pad 7 [/QSPI_IO3] of U2 on F.Cu
    @(139.0650 mm, 83.3100 mm): Pad 2 [/QSPI_IO3] of R11 on F.Cu
[unconnected_items]: Missing connection between items
    Local override; error
    @(150.4950 mm, 89.0800 mm): Pad 2 [/USER_BTN] of R27 on F.Cu
    @(151.9400 mm, 95.3050 mm): Pad 1 [/USER_BTN] of SW3 on F.Cu
[unconnected_items]: Missing connection between items
    Local override; error
    @(150.4950 mm, 89.0800 mm): Pad 2 [/USER_BTN] of R27 on F.Cu
    @(128.6800 mm, 91.7700 mm): Pad C4 [/USER_BTN] of U3 on F.Cu
[unconnected_items]: Missing connection between items
    Local override; error
    @(151.9400 mm, 95.3050 mm): Pad 1 [/USER_BTN] of SW3 on F.Cu
    @(157.9400 mm, 95.3050 mm): Pad 1 [/USER_BTN] of SW3 on F.Cu
[unconnected_items]: Missing connection between items
    Local override; error
    @(135.0800 mm, 90.1700 mm): Pad L6 [/GNDPLL] of U3 on F.Cu
    @(128.6800 mm, 90.9700 mm): Pad C5 [/GNDPLL] of U3 on F.Cu
[unconnected_items]: Missing connection between items
    Local override; error
    @(136.9125 mm, 98.4250 mm): Pad 2 [/GNDPLL] of C27 on F.Cu
    @(137.1600 mm, 96.0400 mm): Pad 2 [/GNDPLL] of C28 on F.Cu
[unconnected_items]: Missing connection between items
    Local override; error
    @(137.1600 mm, 96.0400 mm): Pad 2 [/GNDPLL] of C28 on F.Cu
    @(135.0800 mm, 90.1700 mm): Pad L6 [/GNDPLL] of U3 on F.Cu
[unconnected_items]: Missing connection between items
    Local override; error
    @(144.1450 mm, 89.0800 mm): Pad 2 [Net-(R25-Pad2)] of R25 on F.Cu
    @(146.0350 mm, 93.4000 mm): Pad 1 [Net-(R25-Pad2)] of JP1 on F.Cu
[unconnected_items]: Missing connection between items
    Local override; error
    @(108.5850 mm, 86.9900 mm): Pad 2 [/CDONE] of R12 on F.Cu
    @(134.2800 mm, 88.5700 mm): Pad K8 [/CDONE] of U3 on F.Cu
[unconnected_items]: Missing connection between items
    Local override; error
    @(113.3450 mm, 82.0475 mm): Pad 4 [/USB_DP_ESD] of D5 on F.Cu
    @(123.9500 mm, 89.5350 mm): Pad 1 [/USB_DP_ESD] of R14 on F.Cu
[unconnected_items]: Missing connection between items
    Local override; error
    @(111.4450 mm, 82.0475 mm): Pad 6 [/USB_DM_ESD] of D5 on F.Cu
    @(123.9500 mm, 90.8050 mm): Pad 1 [/USB_DM_ESD] of R15 on F.Cu
[unconnected_items]: Missing connection between items
    Local override; error
    @(133.4800 mm, 92.5700 mm): Pad J3 [/LED1] of U3 on F.Cu
    @(153.1600 mm, 90.1700 mm): Pad 1 [/LED1] of R22 on F.Cu
[unconnected_items]: Missing connection between items
    Local override; error
    @(154.1800 mm, 90.1700 mm): Pad 2 [Net-(D4-A)] of R22 on F.Cu
    @(156.0575 mm, 90.1700 mm): Pad 2 [Net-(D4-A)] of D4 on F.Cu
[unconnected_items]: Missing connection between items
    Local override; error
    @(154.1800 mm, 92.7100 mm): Pad 2 [Net-(D6-A)] of R29 on F.Cu
    @(156.0575 mm, 92.7100 mm): Pad 2 [Net-(D6-A)] of D6 on F.Cu
[unconnected_items]: Missing connection between items
    Local override; error
    @(124.9700 mm, 89.5350 mm): Pad 2 [/USB_DP_FPGA] of R14 on F.Cu
    @(124.9700 mm, 92.7100 mm): Pad 2 [/USB_DP_FPGA] of R16 on F.Cu
[unconnected_items]: Missing connection between items
    Local override; error
    @(124.9700 mm, 92.7100 mm): Pad 2 [/USB_DP_FPGA] of R16 on F.Cu
    @(127.8800 mm, 91.7700 mm): Pad B4 [/USB_DP_FPGA] of U3 on F.Cu
[unconnected_items]: Missing connection between items
    Local override; error
    @(132.6800 mm, 87.7700 mm): Pad H9 [/CBSEL1] of U3 on F.Cu
    @(145.4150 mm, 90.1000 mm): Pad 1 [/CBSEL1] of R26 on F.Cu
[unconnected_items]: Missing connection between items
    Local override; error
    @(145.4150 mm, 90.1000 mm): Pad 1 [/CBSEL1] of R26 on F.Cu
    @(147.9550 mm, 90.1000 mm): Pad 1 [/CBSEL1] of R24 on F.Cu
[unconnected_items]: Missing connection between items
    Local override; error
    @(145.4150 mm, 89.0800 mm): Pad 2 [Net-(R26-Pad2)] of R26 on F.Cu
    @(146.0350 mm, 96.1000 mm): Pad 1 [Net-(R26-Pad2)] of JP2 on F.Cu
[unconnected_items]: Missing connection between items
    Local override; error
    @(111.4450 mm, 91.3075 mm): Pad 1 [/PWR_EN] of U4 on F.Cu
    @(111.4450 mm, 98.2925 mm): Pad 1 [/PWR_EN] of U5 on F.Cu
[unconnected_items]: Missing connection between items
    Local override; error
    @(111.4450 mm, 91.3075 mm): Pad 1 [/PWR_EN] of U4 on F.Cu
    @(118.7450 mm, 92.2000 mm): Pad 2 [/PWR_EN] of R9 on F.Cu
[unconnected_items]: Missing connection between items
    Local override; error
    @(120.0150 mm, 93.1900 mm): Pad 1 [/PWR_EN] of C29 on F.Cu
    @(118.7450 mm, 92.2000 mm): Pad 2 [/PWR_EN] of R9 on F.Cu
[unconnected_items]: Missing connection between items
    Local override; error
    @(120.0150 mm, 93.1900 mm): Pad 1 [/PWR_EN] of C29 on F.Cu
    @(151.9400 mm, 85.0350 mm): Pad 1 [/PWR_EN] of SW1 on F.Cu
[unconnected_items]: Missing connection between items
    Local override; error
    @(157.9400 mm, 85.0350 mm): Pad 1 [/PWR_EN] of SW1 on F.Cu
    @(151.9400 mm, 85.0350 mm): Pad 1 [/PWR_EN] of SW1 on F.Cu
[unconnected_items]: Missing connection between items
    Local override; error
    @(103.6575 mm, 82.5500 mm): Pad 2 [Net-(D1-A)] of D1 on F.Cu
    @(106.5550 mm, 81.9150 mm): Pad 2 [Net-(D1-A)] of R19 on F.Cu
[unconnected_items]: Missing connection between items
    Local override; error
    @(121.0650 mm, 81.7500 mm): Pad 3 [/CLK_48M] of X1 on F.Cu
    @(130.2800 mm, 86.9700 mm): Pad E10 [/CLK_48M] of U3 on F.Cu
[unconnected_items]: Missing connection between items
    Local override; error
    @(121.9200 mm, 78.7400 mm): PTH pad 16 [/GPIO_34] of J3
    @(127.0800 mm, 94.1700 mm): Pad A1 [/GPIO_34] of U3 on F.Cu
[unconnected_items]: Missing connection between items
    Local override; error
    @(124.4600 mm, 78.7400 mm): PTH pad 15 [/GPIO_33] of J3
    @(127.0800 mm, 93.3700 mm): Pad A2 [/GPIO_33] of U3 on F.Cu
[unconnected_items]: Missing connection between items
    Local override; error
    @(123.9500 mm, 92.7100 mm): Pad 1 [/USB_PULLUP] of R16 on F.Cu
    @(127.0800 mm, 92.5700 mm): Pad A3 [/USB_PULLUP] of U3 on F.Cu
[unconnected_items]: Missing connection between items
    Local override; error
    @(124.9700 mm, 90.8050 mm): Pad 2 [/USB_DM_FPGA] of R15 on F.Cu
    @(127.0800 mm, 91.7700 mm): Pad A4 [/USB_DM_FPGA] of U3 on F.Cu
[unconnected_items]: Missing connection between items
    Local override; error
    @(144.7800 mm, 101.6000 mm): PTH pad 18 [/GPIO_12] of J2
    @(127.0800 mm, 90.9700 mm): Pad A5 [/GPIO_12] of U3 on F.Cu
[unconnected_items]: Missing connection between items
    Local override; error
    @(127.0800 mm, 90.1700 mm): Pad A6 [/GPIO_24] of U3 on F.Cu
    @(147.3200 mm, 78.7400 mm): PTH pad 6 [/GPIO_24] of J3
[unconnected_items]: Missing connection between items
    Local override; error
    @(127.0800 mm, 89.3700 mm): Pad A7 [/GPIO_21] of U3 on F.Cu
    @(154.9400 mm, 78.7400 mm): PTH pad 3 [/GPIO_21] of J3
[unconnected_items]: Missing connection between items
    Local override; error
    @(127.0800 mm, 88.5700 mm): Pad A8 [/GPIO_20] of U3 on F.Cu
    @(157.4800 mm, 78.7400 mm): PTH pad 2 [/GPIO_20] of J3
[unconnected_items]: Missing connection between items
    Local override; error
    @(127.0800 mm, 87.7700 mm): Pad A9 [/GPIO_27] of U3 on F.Cu
    @(139.7000 mm, 78.7400 mm): PTH pad 9 [/GPIO_27] of J3
[unconnected_items]: Missing connection between items
    Local override; error
    @(127.8800 mm, 94.1700 mm): Pad B1 [/GPIO_3] of U3 on F.Cu
    @(121.9200 mm, 101.6000 mm): PTH pad 9 [/GPIO_3] of J2
[unconnected_items]: Missing connection between items
    Local override; error
    @(127.8800 mm, 93.3700 mm): Pad B2 [/GPIO_2] of U3 on F.Cu
    @(119.3800 mm, 101.6000 mm): PTH pad 8 [/GPIO_2] of J2
[unconnected_items]: Missing connection between items
    Local override; error
    @(127.0000 mm, 78.7400 mm): PTH pad 14 [/GPIO_32] of J3
    @(127.8800 mm, 92.5700 mm): Pad B3 [/GPIO_32] of U3 on F.Cu
[unconnected_items]: Missing connection between items
    Local override; error
    @(127.8800 mm, 90.9700 mm): Pad B5 [/GPIO_25] of U3 on F.Cu
    @(144.7800 mm, 78.7400 mm): PTH pad 7 [/GPIO_25] of J3
[unconnected_items]: Missing connection between items
    Local override; error
    @(127.8800 mm, 90.1700 mm): Pad B6 [/GPIO_23] of U3 on F.Cu
    @(149.8600 mm, 78.7400 mm): PTH pad 5 [/GPIO_23] of J3
[unconnected_items]: Missing connection between items
    Local override; error
    @(127.8800 mm, 89.3700 mm): Pad B7 [/GPIO_22] of U3 on F.Cu
    @(152.4000 mm, 78.7400 mm): PTH pad 4 [/GPIO_22] of J3
[unconnected_items]: Missing connection between items
    Local override; error
    @(127.8800 mm, 88.5700 mm): Pad B8 [/GPIO_19] of U3 on F.Cu
    @(160.0200 mm, 78.7400 mm): PTH pad 1 [/GPIO_19] of J3
[unconnected_items]: Missing connection between items
    Local override; error
    @(127.8800 mm, 87.7700 mm): Pad B9 [/GPIO_28] of U3 on F.Cu
    @(137.1600 mm, 78.7400 mm): PTH pad 10 [/GPIO_28] of J3
[unconnected_items]: Missing connection between items
    Local override; error
    @(128.6800 mm, 94.1700 mm): Pad C1 [/GPIO_4] of U3 on F.Cu
    @(124.4600 mm, 101.6000 mm): PTH pad 10 [/GPIO_4] of J2
[unconnected_items]: Missing connection between items
    Local override; error
    @(128.6800 mm, 93.3700 mm): Pad C2 [/GPIO_1] of U3 on F.Cu
    @(116.8400 mm, 101.6000 mm): PTH pad 7 [/GPIO_1] of J2
[unconnected_items]: Missing connection between items
    Local override; error
    @(129.5400 mm, 101.6000 mm): PTH pad 12 [/GPIO_6] of J2
    @(128.6800 mm, 92.5700 mm): Pad C3 [/GPIO_6] of U3 on F.Cu
[unconnected_items]: Missing connection between items
    Local override; error
    @(128.6800 mm, 89.3700 mm): Pad C7 [/GPIO_26] of U3 on F.Cu
    @(142.2400 mm, 78.7400 mm): PTH pad 8 [/GPIO_26] of J3
[unconnected_items]: Missing connection between items
    Local override; error
    @(128.6800 mm, 88.5700 mm): Pad C8 [/GPIO_30] of U3 on F.Cu
    @(132.0800 mm, 78.7400 mm): PTH pad 12 [/GPIO_30] of J3
[unconnected_items]: Missing connection between items
    Local override; error
    @(128.6800 mm, 87.7700 mm): Pad C9 [/GPIO_31] of U3 on F.Cu
    @(129.5400 mm, 78.7400 mm): PTH pad 13 [/GPIO_31] of J3
[unconnected_items]: Missing connection between items
    Local override; error
    @(132.0800 mm, 101.6000 mm): PTH pad 13 [/GPIO_7] of J2
    @(129.4800 mm, 94.1700 mm): Pad D1 [/GPIO_7] of U3 on F.Cu
[unconnected_items]: Missing connection between items
    Local override; error
    @(129.4800 mm, 93.3700 mm): Pad D2 [/GPIO_5] of U3 on F.Cu
    @(127.0000 mm, 101.6000 mm): PTH pad 11 [/GPIO_5] of J2
[unconnected_items]: Missing connection between items
    Local override; error
    @(139.7000 mm, 101.6000 mm): PTH pad 16 [/GPIO_10] of J2
    @(129.4800 mm, 92.5700 mm): Pad D3 [/GPIO_10] of U3 on F.Cu
[unconnected_items]: Missing connection between items
    Local override; error
    @(129.4800 mm, 90.9700 mm): Pad D5 [/GPIO_29] of U3 on F.Cu
    @(134.6200 mm, 78.7400 mm): PTH pad 11 [/GPIO_29] of J3
[unconnected_items]: Missing connection between items
    Local override; error
    @(134.6200 mm, 101.6000 mm): PTH pad 14 [/GPIO_8] of J2
    @(130.2800 mm, 94.1700 mm): Pad E1 [/GPIO_8] of U3 on F.Cu
[unconnected_items]: Missing connection between items
    Local override; error
    @(137.1600 mm, 101.6000 mm): PTH pad 15 [/GPIO_9] of J2
    @(130.2800 mm, 93.3700 mm): Pad E2 [/GPIO_9] of U3 on F.Cu
[unconnected_items]: Missing connection between items
    Local override; error
    @(142.2400 mm, 101.6000 mm): PTH pad 17 [/GPIO_11] of J2
    @(130.2800 mm, 92.5700 mm): Pad E3 [/GPIO_11] of U3 on F.Cu
[unconnected_items]: Missing connection between items
    Local override; error
    @(147.3200 mm, 101.6000 mm): PTH pad 19 [/GPIO_13] of J2
    @(131.0800 mm, 94.1700 mm): Pad F1 [/GPIO_13] of U3 on F.Cu
[unconnected_items]: Missing connection between items
    Local override; error
    @(149.8600 mm, 101.6000 mm): PTH pad 20 [/GPIO_14] of J2
    @(131.0800 mm, 92.5700 mm): Pad F3 [/GPIO_14] of U3 on F.Cu
[unconnected_items]: Missing connection between items
    Local override; error
    @(154.9400 mm, 101.6000 mm): PTH pad 22 [/GPIO_16] of J2
    @(131.8800 mm, 94.1700 mm): Pad G1 [/GPIO_16] of U3 on F.Cu
[unconnected_items]: Missing connection between items
    Local override; error
    @(157.4800 mm, 101.6000 mm): PTH pad 23 [/GPIO_17] of J2
    @(131.8800 mm, 93.3700 mm): Pad G2 [/GPIO_17] of U3 on F.Cu
[unconnected_items]: Missing connection between items
    Local override; error
    @(152.4000 mm, 101.6000 mm): PTH pad 21 [/GPIO_15] of J2
    @(131.8800 mm, 92.5700 mm): Pad G3 [/GPIO_15] of U3 on F.Cu
[unconnected_items]: Missing connection between items
    Local override; error
    @(119.3800 mm, 78.7400 mm): PTH pad 17 [/GPIO_35] of J3
    @(132.6800 mm, 94.1700 mm): Pad H1 [/GPIO_35] of U3 on F.Cu
[unconnected_items]: Missing connection between items
    Local override; error
    @(160.0200 mm, 101.6000 mm): PTH pad 24 [/GPIO_18] of J2
    @(132.6800 mm, 93.3700 mm): Pad H2 [/GPIO_18] of U3 on F.Cu
[unconnected_items]: Missing connection between items
    Local override; error
    @(116.8400 mm, 78.7400 mm): PTH pad 18 [/GPIO_36] of J3
    @(133.4800 mm, 94.1700 mm): Pad J1 [/GPIO_36] of U3 on F.Cu
[unconnected_items]: Missing connection between items
    Local override; error
    @(133.4800 mm, 91.7700 mm): Pad J4 [/LED0] of U3 on F.Cu
    @(153.1600 mm, 87.6300 mm): Pad 1 [/LED0] of R21 on F.Cu
[unconnected_items]: Missing connection between items
    Local override; error
    @(133.4800 mm, 86.9700 mm): Pad J10 [/PROG_LED] of U3 on F.Cu
    @(153.1600 mm, 92.7100 mm): Pad 1 [/PROG_LED] of R29 on F.Cu
[unconnected_items]: Missing connection between items
    Local override; error
    @(123.1900 mm, 86.8700 mm): Pad 1 [/CRESET_B] of R17 on F.Cu
    @(114.3000 mm, 101.6000 mm): PTH pad 6 [/CRESET_B] of J2
[unconnected_items]: Missing connection between items
    Local override; error
    @(135.0800 mm, 87.7700 mm): Pad L9 [/CRESET_B] of U3 on F.Cu
    @(123.1900 mm, 86.8700 mm): Pad 1 [/CRESET_B] of R17 on F.Cu
[unconnected_items]: Missing connection between items
    Local override; error
    @(160.0200 mm, 93.9800 mm): PTH pad 2 [/CRESET_B] of J5
    @(135.0800 mm, 87.7700 mm): Pad L9 [/CRESET_B] of U3 on F.Cu
[unconnected_items]: Missing connection between items
    Local override; error
    @(154.1800 mm, 87.6300 mm): Pad 2 [Net-(D3-A)] of R21 on F.Cu
    @(156.0575 mm, 87.6300 mm): Pad 2 [Net-(D3-A)] of D3 on F.Cu
[unconnected_items]: Missing connection between items
    Local override; error
    @(113.3450 mm, 91.3075 mm): Pad 3 [Net-(U4-SW)] of U4 on F.Cu
    @(115.5700 mm, 91.0700 mm): Pad 1 [Net-(U4-SW)] of L1 on F.Cu
[unconnected_items]: Missing connection between items
    Local override; error
    @(112.2700 mm, 86.9950 mm): Pad 1 [Net-(U4-FB)] of R2 on F.Cu
    @(111.4450 mm, 89.0325 mm): Pad 6 [Net-(U4-FB)] of U4 on F.Cu
[unconnected_items]: Missing connection between items
    Local override; error
    @(113.7900 mm, 86.9950 mm): Pad 2 [Net-(U4-FB)] of R1 on F.Cu
    @(112.2700 mm, 86.9950 mm): Pad 1 [Net-(U4-FB)] of R2 on F.Cu
[unconnected_items]: Missing connection between items
    Local override; error
    @(113.3450 mm, 98.2925 mm): Pad 3 [Net-(U5-SW)] of U5 on F.Cu
    @(115.5700 mm, 98.0550 mm): Pad 1 [Net-(U5-SW)] of L2 on F.Cu

** Found 0 Footprint errors **

** Ignored checks **
    - Footprint has no courtyard defined
    - Track endpoint not centered on via
    - Tuning profile track geometries
    - Footprint doesn't match symbol's footprint filters
    - PTH inside courtyard
    - NPTH inside courtyard
    - Footprint component type doesn't match footprint pads

** End of Report **
